Microsoft Windows [Version 10.0.22000.856]
(c) Microsoft Corporation. All rights reserved.

C:\Users\Codey>cd C:\Users\Codey\Desktop\CodingDojo\Python\Fundamenrals

C:\Users\Codey\Desktop\CodingDojo\Python\Fundamenrals>pip list
Package    Version
---------- -------
pip        22.2.2
setuptools 63.2.0

C:\Users\Codey\Desktop\CodingDojo\Python\Fundamenrals>deactivate
'deactivate' is not recognized as an internal or external command,
operable program or batch file.

C:\Users\Codey\Desktop\CodingDojo\Python\Fundamenrals>cd C:\Users\Codey\Desktop\CodingDojo\Python\Fundamenrals\py3Env\Scripts

C:\Users\Codey\Desktop\CodingDojo\Python\Fundamenrals\py3Env\Scripts>deactivate
C:\Users\Codey\Desktop\CodingDojo\Python\Fundamenrals\py3Env\Scripts>source myEnvironments/py3Env/bin/activate
'source' is not recognized as an internal or external command,
operable program or batch file.

C:\Users\Codey\Desktop\CodingDojo\Python\Fundamenrals\py3Env\Scripts>source myEnvironments/py3Env/bin/activate
'source' is not recognized as an internal or external command,
operable program or batch file.

C:\Users\Codey\Desktop\CodingDojo\Python\Fundamenrals\py3Env\Scripts>activate

(py3Env) C:\Users\Codey\Desktop\CodingDojo\Python\Fundamenrals\py3Env\Scripts>call

(py3Env) C:\Users\Codey\Desktop\CodingDojo\Python\Fundamenrals\py3Env\Scripts>pip freeze
click==8.1.3
colorama==0.4.5
Flask==2.2.2
itsdangerous==2.1.2
Jinja2==3.1.2
MarkupSafe==2.1.1
Werkzeug==2.2.2

(py3Env) C:\Users\Codey\Desktop\CodingDojo\Python\Fundamenrals\py3Env\Scripts>ls
'ls' is not recognized as an internal or external command,
operable program or batch file.

(py3Env) C:\Users\Codey\Desktop\CodingDojo\Python\Fundamenrals\py3Env\Scripts>pip unistall django
ERROR: unknown command "unistall" - maybe you meant "uninstall"

(py3Env) C:\Users\Codey\Desktop\CodingDojo\Python\Fundamenrals\py3Env\Scripts>pip install django ==2.2.4
ERROR: Invalid requirement: '==2.2.4'

(py3Env) C:\Users\Codey\Desktop\CodingDojo\Python\Fundamenrals\py3Env\Scripts>cd C:\Users\Codey\Desktop\CodingDojo\Python\Fundamenrals











































(py3Env) C:\Users\Codey\Desktop\CodingDojo\Python\Fundamenrals>pip install django
Collecting django
  Downloading Django-4.1.1-py3-none-any.whl (8.1 MB)
     ---------------------------------------- 8.1/8.1 MB 602.3 kB/s eta 0:00:00
Collecting sqlparse>=0.2.2
  Downloading sqlparse-0.4.2-py3-none-any.whl (42 kB)
     ---------------------------------------- 42.3/42.3 kB 1.0 MB/s eta 0:00:00
Collecting asgiref<4,>=3.5.2
  Downloading asgiref-3.5.2-py3-none-any.whl (22 kB)
Collecting tzdata
  Downloading tzdata-2022.2-py2.py3-none-any.whl (336 kB)
     ---------------------------------------- 336.4/336.4 kB 1.0 MB/s eta 0:00:00
Installing collected packages: tzdata, sqlparse, asgiref, django
Successfully installed asgiref-3.5.2 django-4.1.1 sqlparse-0.4.2 tzdata-2022.2

(py3Env) C:\Users\Codey\Desktop\CodingDojo\Python\Fundamenrals>pip pip uninstall django
ERROR: unknown command "pip"

(py3Env) C:\Users\Codey\Desktop\CodingDojo\Python\Fundamenrals>pip pip uninstall Django
ERROR: unknown command "pip"

(py3Env) C:\Users\Codey\Desktop\CodingDojo\Python\Fundamenrals>pip uninstall django
Found existing installation: Django 4.1.1
Uninstalling Django-4.1.1:
  Would remove:
    c:\users\codey\desktop\codingdojo\python\fundamenrals\py3env\lib\site-packages\django-4.1.1.dist-info\*
    c:\users\codey\desktop\codingdojo\python\fundamenrals\py3env\lib\site-packages\django\*
    c:\users\codey\desktop\codingdojo\python\fundamenrals\py3env\scripts\django-admin.exe
Proceed (Y/n)? y
  Successfully uninstalled Django-4.1.1

(py3Env) C:\Users\Codey\Desktop\CodingDojo\Python\Fundamenrals>pip show django
WARNING: Package(s) not found: django

(py3Env) C:\Users\Codey\Desktop\CodingDojo\Python\Fundamenrals>